
> siftkit@0.1.0 test
> npm run build && node --test .\tests\runtime.test.js


> siftkit@0.1.0 build
> tsc -p .\tsconfig.json

✖ tests\runtime.test.js (1.6769ms)
ℹ tests 1
ℹ suites 0
ℹ pass 0
ℹ fail 1
ℹ cancelled 0
ℹ skipped 0
ℹ todo 0
ℹ duration_ms 6.3609

✖ failing tests:

test at tests\runtime.test.js:1:1
✖ tests\runtime.test.js (1.6769ms)
  Error: spawn EPERM
      at ChildProcess.spawn (node:internal/child_process:421:11)
      at spawn (node:child_process:796:9)
      at TestContext.<anonymous> (node:internal/test_runner/runner:415:19)
      at FileTest.runInAsyncScope (node:async_hooks:228:14)
      at FileTest.run (node:internal/test_runner/test:1118:25)
      at FileTest.start (node:internal/test_runner/test:1015:17)
      at runTestFile (node:internal/test_runner/runner:497:32)
      at node:internal/test_runner/runner:809:25
      at node:internal/per_context/primordials:561:37
      at new Promise (<anonymous>) {
    errno: -4048,
    code: 'EPERM',
    syscall: 'spawn'
  }
